{
  "Entries": [
    {
      "RequestUri": "/subscriptions/964c10bb-8a6c-43bc-83d3-6b318c6c7305/resourcegroups/group-ps-test1372?api-version=2016-09-01",
      "EncodedRequestUri": "L3N1YnNjcmlwdGlvbnMvOTY0YzEwYmItOGE2Yy00M2JjLTgzZDMtNmIzMThjNmM3MzA1L3Jlc291cmNlZ3JvdXBzL2dyb3VwLXBzLXRlc3QxMzcyP2FwaS12ZXJzaW9uPTIwMTYtMDktMDE=",
      "RequestMethod": "PUT",
      "RequestHeaders": {
        "x-ms-client-request-id": [
          "17f0a696-8b33-4565-8ae9-d7f1113a4aac"
        ],
        "Accept-Language": [
          "en-US"
        ],
        "User-Agent": [
          "FxVersion/8.0.1625.21506",
          "OSName/Windows",
          "OSVersion/Microsoft.Windows.10.0.26100",
          "Microsoft.Azure.Management.Internal.Resources.ResourceManagementClient/1.3.108"
        ],
        "Content-Type": [
          "application/json; charset=utf-8"
        ],
        "Content-Length": [
          "31"
        ]
      },
      "RequestBody": "{\r\n  \"location\": \"East Asia\"\r\n}",
      "ResponseHeaders": {
        "Cache-Control": [
          "no-cache"
        ],
        "Pragma": [
          "no-cache"
        ],
        "WWW-Authenticate": [
          "Bearer authorization_uri=\"https://login.windows.net/72f988bf-86f1-41af-91ab-2d7cd011db47\", error=\"invalid_token\", error_description=\"The access token is invalid.\""
        ],
        "x-ms-failure-cause": [
          "gateway"
        ],
        "x-ms-request-id": [
          "fc783392-2c9e-422c-a0db-4b8aef189448"
        ],
        "x-ms-correlation-request-id": [
          "fc783392-2c9e-422c-a0db-4b8aef189448"
        ],
        "x-ms-routing-request-id": [
          "JAPANEAST:20250519T092817Z:fc783392-2c9e-422c-a0db-4b8aef189448"
        ],
        "Strict-Transport-Security": [
          "max-age=31536000; includeSubDomains"
        ],
        "X-Content-Type-Options": [
          "nosniff"
        ],
        "X-Cache": [
          "CONFIG_NOCACHE"
        ],
        "X-MSEdge-Ref": [
          "Ref A: D4646FBD9F96416298B953B26CEDE0C9 Ref B: TYO201151003060 Ref C: 2025-05-19T09:28:17Z"
        ],
        "Date": [
          "Mon, 19 May 2025 09:28:17 GMT"
        ],
        "Content-Length": [
          "88"
        ],
        "Content-Type": [
          "application/json; charset=utf-8"
        ],
        "Expires": [
          "-1"
        ]
      },
      "ResponseBody": "{\r\n  \"error\": {\r\n    \"code\": \"InvalidAuthenticationToken\",\r\n    \"message\": \"The access token is invalid.\"\r\n  }\r\n}",
      "StatusCode": 401
    },
    {
      "RequestUri": "/subscriptions/964c10bb-8a6c-43bc-83d3-6b318c6c7305/resourceGroups/group-ps-test1372/providers/Microsoft.Storage/storageAccounts/storagepstest447?api-version=2017-10-01",
      "EncodedRequestUri": "L3N1YnNjcmlwdGlvbnMvOTY0YzEwYmItOGE2Yy00M2JjLTgzZDMtNmIzMThjNmM3MzA1L3Jlc291cmNlR3JvdXBzL2dyb3VwLXBzLXRlc3QxMzcyL3Byb3ZpZGVycy9NaWNyb3NvZnQuU3RvcmFnZS9zdG9yYWdlQWNjb3VudHMvc3RvcmFnZXBzdGVzdDQ0Nz9hcGktdmVyc2lvbj0yMDE3LTEwLTAx",
      "RequestMethod": "PUT",
      "RequestHeaders": {
        "x-ms-client-request-id": [
          "7352534a-e5ca-4a49-aea5-e0f537e1afb5"
        ],
        "Accept-Language": [
          "en-US"
        ],
        "User-Agent": [
          "FxVersion/8.0.1625.21506",
          "OSName/Windows",
          "OSVersion/Microsoft.Windows.10.0.26100",
          "Microsoft.Azure.Management.Storage.Version2017.10.01.StorageManagementClient/1.3.108"
        ],
        "Content-Type": [
          "application/json; charset=utf-8"
        ],
        "Content-Length": [
          "223"
        ]
      },
      "RequestBody": "{\r\n  \"sku\": {\r\n    \"name\": \"Standard_RAGRS\"\r\n  },\r\n  \"kind\": \"StorageV2\",\r\n  \"location\": \"East Asia\",\r\n  \"properties\": {\r\n    \"networkAcls\": {\r\n      \"bypass\": \"AzureServices\",\r\n      \"defaultAction\": \"Allow\"\r\n    }\r\n  }\r\n}",
      "ResponseHeaders": {
        "Cache-Control": [
          "no-cache"
        ],
        "Pragma": [
          "no-cache"
        ],
        "WWW-Authenticate": [
          "Bearer authorization_uri=\"https://login.windows.net/72f988bf-86f1-41af-91ab-2d7cd011db47\", error=\"invalid_token\", error_description=\"The access token is invalid.\""
        ],
        "x-ms-failure-cause": [
          "gateway"
        ],
        "x-ms-request-id": [
          "79cb7057-e668-4ead-8aad-2e5ba2f19fcb"
        ],
        "x-ms-correlation-request-id": [
          "79cb7057-e668-4ead-8aad-2e5ba2f19fcb"
        ],
        "x-ms-routing-request-id": [
          "JAPANEAST:20250519T092819Z:79cb7057-e668-4ead-8aad-2e5ba2f19fcb"
        ],
        "Strict-Transport-Security": [
          "max-age=31536000; includeSubDomains"
        ],
        "X-Content-Type-Options": [
          "nosniff"
        ],
        "X-Cache": [
          "CONFIG_NOCACHE"
        ],
        "X-MSEdge-Ref": [
          "Ref A: 926A9E0353A9464EA2444574F5253048 Ref B: TYO201151006054 Ref C: 2025-05-19T09:28:19Z"
        ],
        "Date": [
          "Mon, 19 May 2025 09:28:18 GMT"
        ],
        "Content-Length": [
          "88"
        ],
        "Content-Type": [
          "application/json; charset=utf-8"
        ],
        "Expires": [
          "-1"
        ]
      },
      "ResponseBody": "{\r\n  \"error\": {\r\n    \"code\": \"InvalidAuthenticationToken\",\r\n    \"message\": \"The access token is invalid.\"\r\n  }\r\n}",
      "StatusCode": 401
    },
    {
      "RequestUri": "/subscriptions/964c10bb-8a6c-43bc-83d3-6b318c6c7305/resourceGroups/group-ps-test1372/providers/Microsoft.Storage/storageAccounts/storagepstest447/listKeys?api-version=2017-10-01",
      "EncodedRequestUri": "L3N1YnNjcmlwdGlvbnMvOTY0YzEwYmItOGE2Yy00M2JjLTgzZDMtNmIzMThjNmM3MzA1L3Jlc291cmNlR3JvdXBzL2dyb3VwLXBzLXRlc3QxMzcyL3Byb3ZpZGVycy9NaWNyb3NvZnQuU3RvcmFnZS9zdG9yYWdlQWNjb3VudHMvc3RvcmFnZXBzdGVzdDQ0Ny9saXN0S2V5cz9hcGktdmVyc2lvbj0yMDE3LTEwLTAx",
      "RequestMethod": "POST",
      "RequestHeaders": {
        "x-ms-client-request-id": [
          "08978a4e-bc69-42bd-baf0-fa4ad96314a3"
        ],
        "Accept-Language": [
          "en-US"
        ],
        "User-Agent": [
          "FxVersion/8.0.1625.21506",
          "OSName/Windows",
          "OSVersion/Microsoft.Windows.10.0.26100",
          "Microsoft.Azure.Management.Storage.Version2017.10.01.StorageManagementClient/1.3.108"
        ]
      },
      "RequestBody": "",
      "ResponseHeaders": {
        "Cache-Control": [
          "no-cache"
        ],
        "Pragma": [
          "no-cache"
        ],
        "WWW-Authenticate": [
          "Bearer authorization_uri=\"https://login.windows.net/72f988bf-86f1-41af-91ab-2d7cd011db47\", error=\"invalid_token\", error_description=\"The access token is invalid.\""
        ],
        "x-ms-failure-cause": [
          "gateway"
        ],
        "x-ms-request-id": [
          "a7237346-7343-473b-bb63-8ea78c07b353"
        ],
        "x-ms-correlation-request-id": [
          "a7237346-7343-473b-bb63-8ea78c07b353"
        ],
        "x-ms-routing-request-id": [
          "JAPANEAST:20250519T092819Z:a7237346-7343-473b-bb63-8ea78c07b353"
        ],
        "Strict-Transport-Security": [
          "max-age=31536000; includeSubDomains"
        ],
        "X-Content-Type-Options": [
          "nosniff"
        ],
        "X-Cache": [
          "CONFIG_NOCACHE"
        ],
        "X-MSEdge-Ref": [
          "Ref A: 3FEC4DCDE79840A583DF0FCD0B7E1287 Ref B: TYO201100116047 Ref C: 2025-05-19T09:28:19Z"
        ],
        "Date": [
          "Mon, 19 May 2025 09:28:19 GMT"
        ],
        "Content-Length": [
          "88"
        ],
        "Content-Type": [
          "application/json; charset=utf-8"
        ],
        "Expires": [
          "-1"
        ]
      },
      "ResponseBody": "{\r\n  \"error\": {\r\n    \"code\": \"InvalidAuthenticationToken\",\r\n    \"message\": \"The access token is invalid.\"\r\n  }\r\n}",
      "StatusCode": 401
    }
  ],
  "Names": {
    "Test-AutoscaleRelatedCommands": [
      "az17220",
      "group-ps-test1372",
      "storagepstest447"
    ]
  },
  "Variables": {
    "SubscriptionId": "964c10bb-8a6c-43bc-83d3-6b318c6c7305"
  }
}